// Vitest Snapshot v1, https://vitest.dev/guide/snapshot.html

exports[`buildResponsePrompt > matches snapshot 1`] = `
"You are a support agent for a financial trading platform writing a customer-facing response.

## Ticket
ticket_id: T-1001
customer_tier: standard
subject: Withdrawal pending for 3 days
message: My withdrawal has been pending. When will I receive my funds?

## Triage Context
category: withdrawal_delay
urgency: high
sentiment: negative
recommended_queue: payments_ops

## Knowledge Base Context
[payments-001] Withdrawals
Verified customers have withdrawals reviewed within 24 hours.

## Task
Write a clear, empathetic customer-facing response grounded in the knowledge base context above.
Return ONLY a JSON object with these exact fields:

{
  "response_text": "<the full customer-facing response, addressed directly to the customer>",
  "tone": "<one word describing the tone: empathetic | professional | apologetic | informational>",
  "contains_policy_claims": <true if the response references any policy rules or timelines, false otherwise>,
  "source_chunk_ids": ["<only chunk IDs from the context above that you cited in the response>"]
}

## Hard constraints — violations will cause the response to be rejected
- Do NOT guarantee specific payout timing or outcomes unless the knowledge base states it explicitly
- Do NOT claim that actions were already taken unless the ticket or knowledge base confirms it
- Do NOT provide financial advice, trading recommendations, or market predictions
- Do NOT provide security advice that contradicts or goes beyond the knowledge base
- Do NOT use phrases like "we have already" or "we will immediately" unless justified by the sources
- If the knowledge base does not cover the customer's concern, acknowledge the situation honestly and advise them to contact support
- source_chunk_ids must only reference chunk IDs present in the Knowledge Base Context above
- contains_policy_claims must be true whenever the response mentions timelines, procedures, or platform policies"
`;
